******************************************************************************
                  TI ARM Linker PC v15.12.1                    
******************************************************************************
>> Linked Thu Aug 17 10:03:42 2017

OUTPUT FILE NAME:   <DAC_SPI.out>
ENTRY POINT SYMBOL: "_c_int00"  address: 00000995


MEMORY CONFIGURATION

         name            origin    length      used     unused   attr    fill
----------------------  --------  ---------  --------  --------  ----  --------
  FLASH                 00000000   00040000  00000dda  0003f226  R  X
  SRAM                  20000000   00008000  0000023c  00007dc4  RW X


SEGMENT ALLOCATION MAP

run origin  load origin   length   init length attrs members
----------  ----------- ---------- ----------- ----- -------
00000000    00000000    00000ddc   00000ddc    r-x
  00000000    00000000    0000026c   0000026c    r-- .intvecs
  0000026c    0000026c    00000a92   00000a92    r-x .text
  00000d00    00000d00    000000a8   000000a8    r-- .const
  00000da8    00000da8    00000034   00000034    r-- .cinit
20000000    20000000    0000023c   00000000    rw-
  20000000    20000000    00000200   00000000    rw- .stack
  20000200    20000200    0000003c   00000000    rw- .data


SECTION ALLOCATION MAP

 output                                  attributes/
section   page    origin      length       input sections
--------  ----  ----------  ----------   ----------------
.intvecs   0    00000000    0000026c     
                  00000000    0000026c     startup_ccs.obj (.intvecs)

.text      0    0000026c    00000a92     
                  0000026c    000001b6     rtsv7M4_T_le_v4SPD16_eabi.lib : fd_add_t2.obj (.text)
                  00000422    00000132     driverlib.lib : gpio.obj (.text:GPIOPadConfigSet)
                  00000554    000000b8     virtual_encoder.obj (.text:updateEncoder)
                  0000060c    0000009c     rtsv7M4_T_le_v4SPD16_eabi.lib : memcpy_t2.obj (.text)
                  000006a8    0000007a                                   : memset_t2.obj (.text)
                  00000722    00000002     startup_ccs.obj (.text:FaultISR)
                  00000724    00000070     rtsv7M4_T_le_v4SPD16_eabi.lib : autoinit.obj (.text)
                  00000794    0000006e                                   : fd_tos_t2.obj (.text)
                  00000802    0000006a                                   : copy_decompress_rle.obj (.text)
                  0000086c    00000068     main.obj (.text:main)
                  000008d4    00000060     driverlib.lib : timer.obj (.text:TimerConfigure)
                  00000934    00000060     uartstdio.obj (.text:UARTStdioConfig)
                  00000994    00000054     rtsv7M4_T_le_v4SPD16_eabi.lib : boot.obj (.text)
                  000009e8    00000054                                   : exit.obj (.text)
                  00000a3c    00000050     duty_reader.obj (.text:initConsole)
                  00000a8c    0000004c     rtsv7M4_T_le_v4SPD16_eabi.lib : cpy_tbl.obj (.text)
                  00000ad8    00000048     driverlib.lib : gpio.obj (.text:GPIOPinConfigure)
                  00000b20    00000038                   : sysctl.obj (.text:SysCtlPeripheralReady)
                  00000b58    00000038     rtsv7M4_T_le_v4SPD16_eabi.lib : fs_tod_t2.obj (.text)
                  00000b90    00000034     driverlib.lib : sysctl.obj (.text:SysCtlPeripheralEnable)
                  00000bc4    00000034     virtual_encoder.obj (.text:initEncoderTimer)
                  00000bf8    0000002a     driverlib.lib : gpio.obj (.text:GPIODirModeSet)
                  00000c22    00000002     startup_ccs.obj (.text:IntDefaultHandler)
                  00000c24    00000020     virtual_encoder.obj (.text:setState)
                  00000c44    0000001c     virtual_encoder.obj (.text:initEncoderSignals)
                  00000c60    00000018     driverlib.lib : gpio.obj (.text:GPIOPinTypeGPIOOutput)
                  00000c78    00000018     rtsv7M4_T_le_v4SPD16_eabi.lib : args_main.obj (.text)
                  00000c90    00000014                                   : _lock.obj (.text)
                  00000ca4    00000012     driverlib.lib : gpio.obj (.text:GPIOPinTypeUART)
                  00000cb6    0000000e                   : timer.obj (.text:TimerEnable)
                  00000cc4    0000000e     rtsv7M4_T_le_v4SPD16_eabi.lib : copy_decompress_none.obj (.text:decompress:none)
                  00000cd2    0000000a     driverlib.lib : timer.obj (.text:TimerValueGet)
                  00000cdc    00000006                   : gpio.obj (.text:GPIOPinWrite)
                  00000ce2    00000006     startup_ccs.obj (.text:ResetISR)
                  00000ce8    00000006     driverlib.lib : uart.obj (.text:UARTClockSourceSet)
                  00000cee    00000006     rtsv7M4_T_le_v4SPD16_eabi.lib : copy_decompress_rle.obj (.text:decompress:rle24)
                  00000cf4    00000004                                   : pre_init.obj (.text)
                  00000cf8    00000002     startup_ccs.obj (.text:NmiSR)
                  00000cfa    00000002     rtsv7M4_T_le_v4SPD16_eabi.lib : mpu_init.obj (.text)
                  00000cfc    00000002                                   : startup.obj (.text)

.const     0    00000d00    000000a8     
                  00000d00    00000090     driverlib.lib : gpio.obj (.const:g_pui32GPIOBaseAddrs)
                  00000d90    0000000c     uartstdio.obj (.const:g_ui32UARTBase)
                  00000d9c    0000000c     uartstdio.obj (.const:g_ui32UARTPeriph)

.cinit     0    00000da8    00000034     
                  00000da8    00000022     (.cinit..data.load) [load image, compression = rle]
                  00000dca    00000002     --HOLE-- [fill = 0]
                  00000dcc    00000008     (__TI_handler_table)
                  00000dd4    00000008     (__TI_cinit_table)

.init_array 
*          0    00000000    00000000     UNINITIALIZED

.stack     0    20000000    00000200     UNINITIALIZED
                  20000000    00000200     --HOLE--

.data      0    20000200    0000003c     UNINITIALIZED
                  20000200    00000010     virtual_encoder.obj (.data:sequence)
                  20000210    0000000c     rtsv7M4_T_le_v4SPD16_eabi.lib : exit.obj (.data:$O1$$)
                  2000021c    0000000c     virtual_encoder.obj (.data)
                  20000228    00000008     rtsv7M4_T_le_v4SPD16_eabi.lib : _lock.obj (.data:$O1$$)
                  20000230    00000005     uartstdio.obj (.data)
                  20000235    00000003     --HOLE--
                  20000238    00000004     rtsv7M4_T_le_v4SPD16_eabi.lib : stkdepth_vars.obj (.data)

MODULE SUMMARY

       Module                     code   ro data   rw data
       ------                     ----   -------   -------
    .\
       startup_ccs.obj            12     620       0      
       virtual_encoder.obj        296    0         28     
       main.obj                   104    0         0      
       duty_reader.obj            80     0         0      
    +--+--------------------------+------+---------+---------+
       Total:                     492    620       28     
                                                          
    .\utils\
       uartstdio.obj              96     24        5      
    +--+--------------------------+------+---------+---------+
       Total:                     96     24        5      
                                                          
    C:/ti/TivaWare_C_Series-2.1.3.156/driverlib/ccs/Debug/driverlib.lib
       gpio.obj                   468    144       0      
       timer.obj                  120    0         0      
       sysctl.obj                 108    0         0      
       uart.obj                   6      0         0      
    +--+--------------------------+------+---------+---------+
       Total:                     702    144       0      
                                                          
    C:\ti\ccsv6\tools\compiler\ti-cgt-arm_15.12.1.LTS\lib\rtsv7M4_T_le_v4SPD16_eabi.lib
       fd_add_t2.obj              438    0         0      
       memcpy_t2.obj              156    0         0      
       memset_t2.obj              122    0         0      
       autoinit.obj               112    0         0      
       copy_decompress_rle.obj    112    0         0      
       fd_tos_t2.obj              110    0         0      
       exit.obj                   84     0         12     
       boot.obj                   84     0         0      
       cpy_tbl.obj                76     0         0      
       fs_tod_t2.obj              56     0         0      
       _lock.obj                  20     0         8      
       args_main.obj              24     0         0      
       copy_decompress_none.obj   14     0         0      
       pre_init.obj               4      0         0      
       stkdepth_vars.obj          0      0         4      
       mpu_init.obj               2      0         0      
       startup.obj                2      0         0      
    +--+--------------------------+------+---------+---------+
       Total:                     1416   0         24     
                                                          
       Stack:                     0      0         512    
       Linker Generated:          0      50        0      
    +--+--------------------------+------+---------+---------+
       Grand Total:               2706   838       569    


LINKER GENERATED COPY TABLES

__TI_cinit_table @ 00000dd4 records: 1, size/record: 8, table size: 8
	.data: load addr=00000da8, load size=00000022 bytes, run addr=20000200, run size=0000003c bytes, compression=rle


LINKER GENERATED HANDLER TABLE

__TI_handler_table @ 00000dcc records: 2, size/record: 4, table size: 8
	index: 0, handler: __TI_decompress_rle24
	index: 1, handler: __TI_decompress_none


GLOBAL SYMBOLS: SORTED ALPHABETICALLY BY Name 

address   name                           
-------   ----                           
000009e9  C$$EXIT                        
00000bf9  GPIODirModeSet                 
00000423  GPIOPadConfigSet               
00000ad9  GPIOPinConfigure               
00000c61  GPIOPinTypeGPIOOutput          
00000ca5  GPIOPinTypeUART                
00000cdd  GPIOPinWrite                   
00000ce3  ResetISR                       
UNDEFED   SHT$$INIT_ARRAY$$Base          
UNDEFED   SHT$$INIT_ARRAY$$Limit         
00000b91  SysCtlPeripheralEnable         
00000b21  SysCtlPeripheralReady          
000008d5  TimerConfigure                 
00000cb7  TimerEnable                    
00000cd3  TimerValueGet                  
00000ce9  UARTClockSourceSet             
00000935  UARTStdioConfig                
20000200  __STACK_END                    
00000200  __STACK_SIZE                   
20000200  __STACK_TOP                    
00000dd4  __TI_CINIT_Base                
00000ddc  __TI_CINIT_Limit               
00000dcc  __TI_Handler_Table_Base        
00000dd4  __TI_Handler_Table_Limit       
00000725  __TI_auto_init                 
20000210  __TI_cleanup_ptr               
00000cc5  __TI_decompress_none           
00000cef  __TI_decompress_rle24          
20000214  __TI_dtors_ptr                 
20000218  __TI_enable_exit_profile_output
ffffffff  __TI_pprof_out_hndl            
ffffffff  __TI_prof_data_size            
ffffffff  __TI_prof_data_start           
00000000  __TI_static_base__             
00000795  __aeabi_d2f                    
00000277  __aeabi_dadd                   
0000026d  __aeabi_dsub                   
00000b59  __aeabi_f2d                    
000006a9  __aeabi_memclr                 
000006a9  __aeabi_memclr4                
000006a9  __aeabi_memclr8                
0000060d  __aeabi_memcpy                 
0000060d  __aeabi_memcpy4                
0000060d  __aeabi_memcpy8                
000006ab  __aeabi_memset                 
000006ab  __aeabi_memset4                
000006ab  __aeabi_memset8                
ffffffff  __binit__                      
ffffffff  __c_args__                     
00000cfb  __mpu_init                     
20000000  __stack                        
00000c79  _args_main                     
00000995  _c_int00                       
20000228  _lock                          
00000c9f  _nop                           
00000c97  _register_lock                 
00000c91  _register_unlock               
00000cfd  _system_post_cinit             
00000cf5  _system_pre_init               
2000022c  _unlock                        
000009ed  abort                          
ffffffff  binit                          
00000a8d  copy_in                        
000009f5  exit                           
00000000  g_pfnVectors                   
00000a3d  initConsole                    
00000c45  initEncoderSignals             
00000bc5  initEncoderTimer               
0000086d  main                           
20000238  main_func_sp                   
0000060d  memcpy                         
000006b1  memset                         
20000224  prev_time                      
20000220  seq_index                      
20000200  sequence                       
00000c25  setState                       
00000555  updateEncoder                  


GLOBAL SYMBOLS: SORTED BY Symbol Address 

address   name                           
-------   ----                           
00000000  __TI_static_base__             
00000000  g_pfnVectors                   
00000200  __STACK_SIZE                   
0000026d  __aeabi_dsub                   
00000277  __aeabi_dadd                   
00000423  GPIOPadConfigSet               
00000555  updateEncoder                  
0000060d  __aeabi_memcpy                 
0000060d  __aeabi_memcpy4                
0000060d  __aeabi_memcpy8                
0000060d  memcpy                         
000006a9  __aeabi_memclr                 
000006a9  __aeabi_memclr4                
000006a9  __aeabi_memclr8                
000006ab  __aeabi_memset                 
000006ab  __aeabi_memset4                
000006ab  __aeabi_memset8                
000006b1  memset                         
00000725  __TI_auto_init                 
00000795  __aeabi_d2f                    
0000086d  main                           
000008d5  TimerConfigure                 
00000935  UARTStdioConfig                
00000995  _c_int00                       
000009e9  C$$EXIT                        
000009ed  abort                          
000009f5  exit                           
00000a3d  initConsole                    
00000a8d  copy_in                        
00000ad9  GPIOPinConfigure               
00000b21  SysCtlPeripheralReady          
00000b59  __aeabi_f2d                    
00000b91  SysCtlPeripheralEnable         
00000bc5  initEncoderTimer               
00000bf9  GPIODirModeSet                 
00000c25  setState                       
00000c45  initEncoderSignals             
00000c61  GPIOPinTypeGPIOOutput          
00000c79  _args_main                     
00000c91  _register_unlock               
00000c97  _register_lock                 
00000c9f  _nop                           
00000ca5  GPIOPinTypeUART                
00000cb7  TimerEnable                    
00000cc5  __TI_decompress_none           
00000cd3  TimerValueGet                  
00000cdd  GPIOPinWrite                   
00000ce3  ResetISR                       
00000ce9  UARTClockSourceSet             
00000cef  __TI_decompress_rle24          
00000cf5  _system_pre_init               
00000cfb  __mpu_init                     
00000cfd  _system_post_cinit             
00000dcc  __TI_Handler_Table_Base        
00000dd4  __TI_CINIT_Base                
00000dd4  __TI_Handler_Table_Limit       
00000ddc  __TI_CINIT_Limit               
20000000  __stack                        
20000200  __STACK_END                    
20000200  __STACK_TOP                    
20000200  sequence                       
20000210  __TI_cleanup_ptr               
20000214  __TI_dtors_ptr                 
20000218  __TI_enable_exit_profile_output
20000220  seq_index                      
20000224  prev_time                      
20000228  _lock                          
2000022c  _unlock                        
20000238  main_func_sp                   
ffffffff  __TI_pprof_out_hndl            
ffffffff  __TI_prof_data_size            
ffffffff  __TI_prof_data_start           
ffffffff  __binit__                      
ffffffff  __c_args__                     
ffffffff  binit                          
UNDEFED   SHT$$INIT_ARRAY$$Base          
UNDEFED   SHT$$INIT_ARRAY$$Limit         

[77 symbols]
