******************************************************************************
                  TI ARM Linker PC v15.12.1                    
******************************************************************************
>> Linked Wed Jul 26 18:30:45 2017

OUTPUT FILE NAME:   <DAC_SPI.out>
ENTRY POINT SYMBOL: "_c_int00"  address: 00000d25


MEMORY CONFIGURATION

         name            origin    length      used     unused   attr    fill
----------------------  --------  ---------  --------  --------  ----  --------
  FLASH                 00000000   00040000  000012e2  0003ed1e  R  X
  SRAM                  20000000   00008000  000004a0  00007b60  RW X


SEGMENT ALLOCATION MAP

run origin  load origin   length   init length attrs members
----------  ----------- ---------- ----------- ----- -------
00000000    00000000    000012e4   000012e4    r-x
  00000000    00000000    0000026c   0000026c    r-- .intvecs
  0000026c    0000026c    00000f16   00000f16    r-x .text
  00001184    00001184    00000114   00000114    r-- .const
  00001298    00001298    0000004c   0000004c    r-- .cinit
20000000    20000000    000004a0   00000000    rw-
  20000000    20000000    0000026c   00000000    rw- .vtable
  2000026c    2000026c    00000200   00000000    rw- .stack
  2000046c    2000046c    00000034   00000000    rw- .data


SECTION ALLOCATION MAP

 output                                  attributes/
section   page    origin      length       input sections
--------  ----  ----------  ----------   ----------------
.intvecs   0    00000000    0000026c     
                  00000000    0000026c     startup_ccs.obj (.intvecs)

.text      0    0000026c    00000f16     
                  0000026c    00000250     bitband.obj (.text:main)
                  000004bc    000001ea     uartstdio.obj (.text:UARTvprintf)
                  000006a6    00000132     driverlib.lib : gpio.obj (.text:GPIOPadConfigSet)
                  000007d8    00000110                   : sysctl.obj (.text:SysCtlClockGet)
                  000008e8    000000f4                   : sysctl.obj (.text:SysCtlClockSet)
                  000009dc    0000009c     rtsv7M4_T_le_v4SPD16_eabi.lib : memcpy_t2.obj (.text)
                  00000a78    0000008c     buttons.obj (.text:ButtonsPoll)
                  00000b04    0000007a     rtsv7M4_T_le_v4SPD16_eabi.lib : memset_t2.obj (.text)
                  00000b7e    00000002     startup_ccs.obj (.text:FaultISR)
                  00000b80    00000070     rtsv7M4_T_le_v4SPD16_eabi.lib : autoinit.obj (.text)
                  00000bf0    0000006a                                   : copy_decompress_rle.obj (.text)
                  00000c5a    00000002     startup_ccs.obj (.text:IntDefaultHandler)
                  00000c5c    00000068     buttons.obj (.text:ButtonsInit)
                  00000cc4    00000060     uartstdio.obj (.text:UARTStdioConfig)
                  00000d24    00000054     rtsv7M4_T_le_v4SPD16_eabi.lib : boot.obj (.text)
                  00000d78    00000054                                   : exit.obj (.text)
                  00000dcc    0000004c     bitband.obj (.text:InitConsole)
                  00000e18    0000004c     rtsv7M4_T_le_v4SPD16_eabi.lib : cpy_tbl.obj (.text)
                  00000e64    00000048     driverlib.lib : gpio.obj (.text:GPIOPinConfigure)
                  00000eac    00000048     uartstdio.obj (.text:UARTwrite)
                  00000ef4    00000040     rtsv7M4_T_le_v4SPD16_eabi.lib : u_divt2.obj (.text)
                  00000f34    0000003c     driverlib.lib : ssi.obj (.text:SSIConfigSetExpClk)
                  00000f70    00000034                   : interrupt.obj (.text:IntRegister)
                  00000fa4    00000034                   : sysctl.obj (.text:SysCtlPeripheralEnable)
                  00000fd8    0000002a                   : gpio.obj (.text:GPIODirModeSet)
                  00001002    00000002     startup_ccs.obj (.text:NmiSR)
                  00001004    00000024     bitband.obj (.text:initSysTick)
                  00001028    00000020     bitband.obj (.text:SysTickIntHandler)
                  00001048    0000001c     driverlib.lib : systick.obj (.text:SysTickIntRegister)
                  00001064    0000001a     uartstdio.obj (.text:UARTprintf)
                  0000107e    00000018     driverlib.lib : gpio.obj (.text:GPIOPinTypeGPIOOutput)
                  00001096    00000002     rtsv7M4_T_le_v4SPD16_eabi.lib : i_div0.obj (.text)
                  00001098    00000018                                   : args_main.obj (.text)
                  000010b0    00000014     driverlib.lib : systick.obj (.text:SysTickEnable)
                  000010c4    00000014                   : systick.obj (.text:SysTickIntEnable)
                  000010d8    00000014     rtsv7M4_T_le_v4SPD16_eabi.lib : _lock.obj (.text)
                  000010ec    00000012     driverlib.lib : gpio.obj (.text:GPIOPinTypeSSI)
                  000010fe    00000012                   : gpio.obj (.text:GPIOPinTypeUART)
                  00001110    00000012                   : ssi.obj (.text:SSIDataGetNonBlocking)
                  00001122    00000002     rtsv7M4_T_le_v4SPD16_eabi.lib : mpu_init.obj (.text)
                  00001124    00000010     driverlib.lib : systick.obj (.text:SysTickPeriodSet)
                  00001134    0000000e     rtsv7M4_T_le_v4SPD16_eabi.lib : copy_decompress_none.obj (.text:decompress:none)
                  00001142    0000000a     driverlib.lib : ssi.obj (.text:SSIDataPut)
                  0000114c    0000000a                   : ssi.obj (.text:SSIEnable)
                  00001156    00000008                   : ssi.obj (.text:SSIBusy)
                  0000115e    00000006                   : gpio.obj (.text:GPIOPinWrite)
                  00001164    00000006     startup_ccs.obj (.text:ResetISR)
                  0000116a    00000006     driverlib.lib : sysctl.obj (.text:SysCtlDelay)
                  00001170    00000006                   : uart.obj (.text:UARTClockSourceSet)
                  00001176    00000006     rtsv7M4_T_le_v4SPD16_eabi.lib : copy_decompress_rle.obj (.text:decompress:rle24)
                  0000117c    00000004                                   : pre_init.obj (.text)
                  00001180    00000002                                   : startup.obj (.text)

.const     0    00001184    00000114     
                  00001184    00000090     driverlib.lib : gpio.obj (.const:g_pui32GPIOBaseAddrs)
                  00001214    0000006c                   : sysctl.obj (.const:g_pui32Xtals)
                  00001280    0000000c     uartstdio.obj (.const:g_ui32UARTBase)
                  0000128c    0000000c     uartstdio.obj (.const:g_ui32UARTPeriph)

.cinit     0    00001298    0000004c     
                  00001298    00000024     (.cinit..data.load) [load image, compression = rle]
                  000012bc    00000004     --HOLE-- [fill = 0]
                  000012c0    0000000b     (.cinit..vtable.load) [load image, compression = rle]
                  000012cb    00000001     --HOLE-- [fill = 0]
                  000012cc    00000008     (__TI_handler_table)
                  000012d4    00000010     (__TI_cinit_table)

.init_array 
*          0    00000000    00000000     UNINITIALIZED

.vtable    0    20000000    0000026c     UNINITIALIZED
                  20000000    0000026c     driverlib.lib : interrupt.obj (.vtable)

.stack     0    2000026c    00000200     UNINITIALIZED
                  2000026c    00000200     --HOLE--

.data      0    2000046c    00000034     UNINITIALIZED
                  2000046c    00000011     bitband.obj (.data)
                  2000047d    00000003     buttons.obj (.data)
                  20000480    0000000c     rtsv7M4_T_le_v4SPD16_eabi.lib : exit.obj (.data:$O1$$)
                  2000048c    00000008                                   : _lock.obj (.data:$O1$$)
                  20000494    00000005     uartstdio.obj (.data)
                  20000499    00000003     --HOLE--
                  2000049c    00000004     rtsv7M4_T_le_v4SPD16_eabi.lib : stkdepth_vars.obj (.data)

MODULE SUMMARY

       Module                     code   ro data   rw data
       ------                     ----   -------   -------
    .\
       bitband.obj                736    0         17     
       startup_ccs.obj            12     620       0      
       buttons.obj                244    0         3      
    +--+--------------------------+------+---------+---------+
       Total:                     992    620       20     
                                                          
    .\utils\
       uartstdio.obj              684    24        5      
    +--+--------------------------+------+---------+---------+
       Total:                     684    24        5      
                                                          
    C:/ti/TivaWare_C_Series-2.1.3.156/driverlib/ccs/Debug/driverlib.lib
       sysctl.obj                 574    108       0      
       interrupt.obj              52     0         620    
       gpio.obj                   486    144       0      
       ssi.obj                    106    0         0      
       systick.obj                84     0         0      
       uart.obj                   6      0         0      
    +--+--------------------------+------+---------+---------+
       Total:                     1308   252       620    
                                                          
    C:\ti\ccsv6\tools\compiler\ti-cgt-arm_15.12.1.LTS\lib\rtsv7M4_T_le_v4SPD16_eabi.lib
       memcpy_t2.obj              156    0         0      
       memset_t2.obj              122    0         0      
       autoinit.obj               112    0         0      
       copy_decompress_rle.obj    112    0         0      
       exit.obj                   84     0         12     
       boot.obj                   84     0         0      
       cpy_tbl.obj                76     0         0      
       u_divt2.obj                64     0         0      
       _lock.obj                  20     0         8      
       args_main.obj              24     0         0      
       copy_decompress_none.obj   14     0         0      
       pre_init.obj               4      0         0      
       stkdepth_vars.obj          0      0         4      
       i_div0.obj                 2      0         0      
       mpu_init.obj               2      0         0      
       startup.obj                2      0         0      
    +--+--------------------------+------+---------+---------+
       Total:                     878    0         24     
                                                          
       Stack:                     0      0         512    
       Linker Generated:          0      71        0      
    +--+--------------------------+------+---------+---------+
       Grand Total:               3862   967       1181   


LINKER GENERATED COPY TABLES

__TI_cinit_table @ 000012d4 records: 2, size/record: 8, table size: 16
	.data: load addr=00001298, load size=00000024 bytes, run addr=2000046c, run size=00000034 bytes, compression=rle
	.vtable: load addr=000012c0, load size=0000000b bytes, run addr=20000000, run size=0000026c bytes, compression=rle


LINKER GENERATED HANDLER TABLE

__TI_handler_table @ 000012cc records: 2, size/record: 4, table size: 8
	index: 0, handler: __TI_decompress_rle24
	index: 1, handler: __TI_decompress_none


GLOBAL SYMBOLS: SORTED ALPHABETICALLY BY Name 

address   name                           
-------   ----                           
00000c5d  ButtonsInit                    
00000a79  ButtonsPoll                    
00000d79  C$$EXIT                        
00000fd9  GPIODirModeSet                 
000006a7  GPIOPadConfigSet               
00000e65  GPIOPinConfigure               
0000107f  GPIOPinTypeGPIOOutput          
000010ed  GPIOPinTypeSSI                 
000010ff  GPIOPinTypeUART                
0000115f  GPIOPinWrite                   
00000dcd  InitConsole                    
00000f71  IntRegister                    
00001165  ResetISR                       
UNDEFED   SHT$$INIT_ARRAY$$Base          
UNDEFED   SHT$$INIT_ARRAY$$Limit         
00001157  SSIBusy                        
00000f35  SSIConfigSetExpClk             
00001111  SSIDataGetNonBlocking          
00001143  SSIDataPut                     
0000114d  SSIEnable                      
000007d9  SysCtlClockGet                 
000008e9  SysCtlClockSet                 
0000116b  SysCtlDelay                    
00000fa5  SysCtlPeripheralEnable         
000010b1  SysTickEnable                  
000010c5  SysTickIntEnable               
00001029  SysTickIntHandler              
00001049  SysTickIntRegister             
00001125  SysTickPeriodSet               
00001171  UARTClockSourceSet             
00000cc5  UARTStdioConfig                
00001065  UARTprintf                     
000004bd  UARTvprintf                    
00000ead  UARTwrite                      
20000478  Vref                           
2000046c  __STACK_END                    
00000200  __STACK_SIZE                   
2000046c  __STACK_TOP                    
000012d4  __TI_CINIT_Base                
000012e4  __TI_CINIT_Limit               
000012cc  __TI_Handler_Table_Base        
000012d4  __TI_Handler_Table_Limit       
00000b81  __TI_auto_init                 
20000480  __TI_cleanup_ptr               
00001135  __TI_decompress_none           
00001177  __TI_decompress_rle24          
20000484  __TI_dtors_ptr                 
20000488  __TI_enable_exit_profile_output
ffffffff  __TI_pprof_out_hndl            
ffffffff  __TI_prof_data_size            
ffffffff  __TI_prof_data_start           
00000000  __TI_static_base__             
00001097  __aeabi_idiv0                  
00000b05  __aeabi_memclr                 
00000b05  __aeabi_memclr4                
00000b05  __aeabi_memclr8                
000009dd  __aeabi_memcpy                 
000009dd  __aeabi_memcpy4                
000009dd  __aeabi_memcpy8                
00000b07  __aeabi_memset                 
00000b07  __aeabi_memset4                
00000b07  __aeabi_memset8                
00000ef5  __aeabi_uidiv                  
00000ef5  __aeabi_uidivmod               
ffffffff  __binit__                      
ffffffff  __c_args__                     
00001123  __mpu_init                     
2000026c  __stack                        
00001099  _args_main                     
00000d25  _c_int00                       
2000048c  _lock                          
000010e7  _nop                           
000010df  _register_lock                 
000010d9  _register_unlock               
00001181  _system_post_cinit             
0000117d  _system_pre_init               
20000490  _unlock                        
00000d7d  abort                          
ffffffff  binit                          
00000e19  copy_in                        
00000d85  exit                           
20000000  g_pfnRAMVectors                
00000000  g_pfnVectors                   
00001005  initSysTick                    
0000026d  main                           
2000049c  main_func_sp                   
000009dd  memcpy                         
00000b0d  memset                         
2000046c  slowTick                       
20000470  unscaled_analog_byte1          
20000474  unscaled_analog_byte2          


GLOBAL SYMBOLS: SORTED BY Symbol Address 

address   name                           
-------   ----                           
00000000  __TI_static_base__             
00000000  g_pfnVectors                   
00000200  __STACK_SIZE                   
0000026d  main                           
000004bd  UARTvprintf                    
000006a7  GPIOPadConfigSet               
000007d9  SysCtlClockGet                 
000008e9  SysCtlClockSet                 
000009dd  __aeabi_memcpy                 
000009dd  __aeabi_memcpy4                
000009dd  __aeabi_memcpy8                
000009dd  memcpy                         
00000a79  ButtonsPoll                    
00000b05  __aeabi_memclr                 
00000b05  __aeabi_memclr4                
00000b05  __aeabi_memclr8                
00000b07  __aeabi_memset                 
00000b07  __aeabi_memset4                
00000b07  __aeabi_memset8                
00000b0d  memset                         
00000b81  __TI_auto_init                 
00000c5d  ButtonsInit                    
00000cc5  UARTStdioConfig                
00000d25  _c_int00                       
00000d79  C$$EXIT                        
00000d7d  abort                          
00000d85  exit                           
00000dcd  InitConsole                    
00000e19  copy_in                        
00000e65  GPIOPinConfigure               
00000ead  UARTwrite                      
00000ef5  __aeabi_uidiv                  
00000ef5  __aeabi_uidivmod               
00000f35  SSIConfigSetExpClk             
00000f71  IntRegister                    
00000fa5  SysCtlPeripheralEnable         
00000fd9  GPIODirModeSet                 
00001005  initSysTick                    
00001029  SysTickIntHandler              
00001049  SysTickIntRegister             
00001065  UARTprintf                     
0000107f  GPIOPinTypeGPIOOutput          
00001097  __aeabi_idiv0                  
00001099  _args_main                     
000010b1  SysTickEnable                  
000010c5  SysTickIntEnable               
000010d9  _register_unlock               
000010df  _register_lock                 
000010e7  _nop                           
000010ed  GPIOPinTypeSSI                 
000010ff  GPIOPinTypeUART                
00001111  SSIDataGetNonBlocking          
00001123  __mpu_init                     
00001125  SysTickPeriodSet               
00001135  __TI_decompress_none           
00001143  SSIDataPut                     
0000114d  SSIEnable                      
00001157  SSIBusy                        
0000115f  GPIOPinWrite                   
00001165  ResetISR                       
0000116b  SysCtlDelay                    
00001171  UARTClockSourceSet             
00001177  __TI_decompress_rle24          
0000117d  _system_pre_init               
00001181  _system_post_cinit             
000012cc  __TI_Handler_Table_Base        
000012d4  __TI_CINIT_Base                
000012d4  __TI_Handler_Table_Limit       
000012e4  __TI_CINIT_Limit               
20000000  g_pfnRAMVectors                
2000026c  __stack                        
2000046c  __STACK_END                    
2000046c  __STACK_TOP                    
2000046c  slowTick                       
20000470  unscaled_analog_byte1          
20000474  unscaled_analog_byte2          
20000478  Vref                           
20000480  __TI_cleanup_ptr               
20000484  __TI_dtors_ptr                 
20000488  __TI_enable_exit_profile_output
2000048c  _lock                          
20000490  _unlock                        
2000049c  main_func_sp                   
ffffffff  __TI_pprof_out_hndl            
ffffffff  __TI_prof_data_size            
ffffffff  __TI_prof_data_start           
ffffffff  __binit__                      
ffffffff  __c_args__                     
ffffffff  binit                          
UNDEFED   SHT$$INIT_ARRAY$$Base          
UNDEFED   SHT$$INIT_ARRAY$$Limit         

[91 symbols]
